[INFO] Scanning for projects...
[INFO] 
[INFO] ---------------------< com.psygst:psygst-backend >----------------------
[INFO] Building psygst-backend 1.0.0
[INFO]   from pom.xml
[INFO] --------------------------------[ jar ]---------------------------------
[INFO] 
[INFO] --- clean:3.3.2:clean (default-clean) @ psygst-backend ---
[INFO] Deleting C:\Users\tomas\OneDrive\Escritorio\Tomas\psygst\psygst-backend\target
[INFO] 
[INFO] --- resources:3.3.1:resources (default-resources) @ psygst-backend ---
[INFO] Copying 1 resource from src\main\resources to target\classes
[INFO] Copying 1 resource from src\main\resources to target\classes
[INFO] 
[INFO] --- compiler:3.11.0:compile (default-compile) @ psygst-backend ---
[INFO] Changes detected - recompiling the module! :source
[INFO] Compiling 93 source files with javac [debug release 17] to target\classes
[INFO] Annotation processing is enabled because one or more processors were found
  on the class path. A future release of javac may disable annotation processing
  unless at least one processor is specified by name (-processor), or a search
  path is specified (--processor-path, --processor-module-path), or annotation
  processing is enabled explicitly (-proc:only, -proc:full).
  Use -Xlint:-options to suppress this message.
  Use -proc:none to disable annotation processing.
[INFO] Some messages have been simplified; recompile with -Xdiags:verbose to get full output
[INFO] -------------------------------------------------------------
[WARNING] COMPILATION WARNING : 
[INFO] -------------------------------------------------------------
[WARNING] /C:/Users/tomas/OneDrive/Escritorio/Tomas/psygst/psygst-backend/src/main/java/com/psygst/model/Profesional.java:[50,21] @Builder will ignore the initializing expression entirely. If you want the initializing expression to serve as default, add @Builder.Default. If it is not supposed to be settable during building, make the field final.
[WARNING] /C:/Users/tomas/OneDrive/Escritorio/Tomas/psygst/psygst-backend/src/main/java/com/psygst/model/Rol.java:[20,21] @Builder will ignore the initializing expression entirely. If you want the initializing expression to serve as default, add @Builder.Default. If it is not supposed to be settable during building, make the field final.
[WARNING] /C:/Users/tomas/OneDrive/Escritorio/Tomas/psygst/psygst-backend/src/main/java/com/psygst/model/HistoriaClinica.java:[50,21] @Builder will ignore the initializing expression entirely. If you want the initializing expression to serve as default, add @Builder.Default. If it is not supposed to be settable during building, make the field final.
[WARNING] /C:/Users/tomas/OneDrive/Escritorio/Tomas/psygst/psygst-backend/src/main/java/com/psygst/model/Sistema.java:[21,21] @Builder will ignore the initializing expression entirely. If you want the initializing expression to serve as default, add @Builder.Default. If it is not supposed to be settable during building, make the field final.
[WARNING] /C:/Users/tomas/OneDrive/Escritorio/Tomas/psygst/psygst-backend/src/main/java/com/psygst/model/Sistema.java:[24,21] @Builder will ignore the initializing expression entirely. If you want the initializing expression to serve as default, add @Builder.Default. If it is not supposed to be settable during building, make the field final.
[WARNING] /C:/Users/tomas/OneDrive/Escritorio/Tomas/psygst/psygst-backend/src/main/java/com/psygst/model/Recibo.java:[47,21] @Builder will ignore the initializing expression entirely. If you want the initializing expression to serve as default, add @Builder.Default. If it is not supposed to be settable during building, make the field final.
[WARNING] /C:/Users/tomas/OneDrive/Escritorio/Tomas/psygst/psygst-backend/src/main/java/com/psygst/model/Arancel.java:[37,21] @Builder will ignore the initializing expression entirely. If you want the initializing expression to serve as default, add @Builder.Default. If it is not supposed to be settable during building, make the field final.
[WARNING] /C:/Users/tomas/OneDrive/Escritorio/Tomas/psygst/psygst-backend/src/main/java/com/psygst/model/Paciente.java:[53,21] @Builder will ignore the initializing expression entirely. If you want the initializing expression to serve as default, add @Builder.Default. If it is not supposed to be settable during building, make the field final.
[WARNING] /C:/Users/tomas/OneDrive/Escritorio/Tomas/psygst/psygst-backend/src/main/java/com/psygst/model/Turno.java:[46,20] @Builder will ignore the initializing expression entirely. If you want the initializing expression to serve as default, add @Builder.Default. If it is not supposed to be settable during building, make the field final.
[WARNING] /C:/Users/tomas/OneDrive/Escritorio/Tomas/psygst/psygst-backend/src/main/java/com/psygst/model/Turno.java:[64,21] @Builder will ignore the initializing expression entirely. If you want the initializing expression to serve as default, add @Builder.Default. If it is not supposed to be settable during building, make the field final.
[WARNING] /C:/Users/tomas/OneDrive/Escritorio/Tomas/psygst/psygst-backend/src/main/java/com/psygst/model/Notificacion.java:[46,20] @Builder will ignore the initializing expression entirely. If you want the initializing expression to serve as default, add @Builder.Default. If it is not supposed to be settable during building, make the field final.
[WARNING] /C:/Users/tomas/OneDrive/Escritorio/Tomas/psygst/psygst-backend/src/main/java/com/psygst/model/Notificacion.java:[50,21] @Builder will ignore the initializing expression entirely. If you want the initializing expression to serve as default, add @Builder.Default. If it is not supposed to be settable during building, make the field final.
[WARNING] /C:/Users/tomas/OneDrive/Escritorio/Tomas/psygst/psygst-backend/src/main/java/com/psygst/model/Notificacion.java:[67,21] @Builder will ignore the initializing expression entirely. If you want the initializing expression to serve as default, add @Builder.Default. If it is not supposed to be settable during building, make the field final.
[WARNING] /C:/Users/tomas/OneDrive/Escritorio/Tomas/psygst/psygst-backend/src/main/java/com/psygst/model/Motivo.java:[20,21] @Builder will ignore the initializing expression entirely. If you want the initializing expression to serve as default, add @Builder.Default. If it is not supposed to be settable during building, make the field final.
[WARNING] /C:/Users/tomas/OneDrive/Escritorio/Tomas/psygst/psygst-backend/src/main/java/com/psygst/model/Auth.java:[32,21] @Builder will ignore the initializing expression entirely. If you want the initializing expression to serve as default, add @Builder.Default. If it is not supposed to be settable during building, make the field final.
[WARNING] /C:/Users/tomas/OneDrive/Escritorio/Tomas/psygst/psygst-backend/src/main/java/com/psygst/model/Auth.java:[35,21] @Builder will ignore the initializing expression entirely. If you want the initializing expression to serve as default, add @Builder.Default. If it is not supposed to be settable during building, make the field final.
[WARNING] /C:/Users/tomas/OneDrive/Escritorio/Tomas/psygst/psygst-backend/src/main/java/com/psygst/model/Profesion.java:[20,21] @Builder will ignore the initializing expression entirely. If you want the initializing expression to serve as default, add @Builder.Default. If it is not supposed to be settable during building, make the field final.
[WARNING] /C:/Users/tomas/OneDrive/Escritorio/Tomas/psygst/psygst-backend/src/main/java/com/psygst/model/ObraSocial.java:[23,21] @Builder will ignore the initializing expression entirely. If you want the initializing expression to serve as default, add @Builder.Default. If it is not supposed to be settable during building, make the field final.
[WARNING] /C:/Users/tomas/OneDrive/Escritorio/Tomas/psygst/psygst-backend/src/main/java/com/psygst/model/Pago.java:[24,21] @Builder will ignore the initializing expression entirely. If you want the initializing expression to serve as default, add @Builder.Default. If it is not supposed to be settable during building, make the field final.
[WARNING] /C:/Users/tomas/OneDrive/Escritorio/Tomas/psygst/psygst-backend/src/main/java/com/psygst/model/Pago.java:[47,21] @Builder will ignore the initializing expression entirely. If you want the initializing expression to serve as default, add @Builder.Default. If it is not supposed to be settable during building, make the field final.
[WARNING] /C:/Users/tomas/OneDrive/Escritorio/Tomas/psygst/psygst-backend/src/main/java/com/psygst/model/LogGeneral.java:[43,21] @Builder will ignore the initializing expression entirely. If you want the initializing expression to serve as default, add @Builder.Default. If it is not supposed to be settable during building, make the field final.
[INFO] 21 warnings 
[INFO] -------------------------------------------------------------
[INFO] -------------------------------------------------------------
[ERROR] COMPILATION ERROR : 
[INFO] -------------------------------------------------------------
[ERROR] /C:/Users/tomas/OneDrive/Escritorio/Tomas/psygst/psygst-backend/src/main/java/com/psygst/service/TurnoService.java:[90,23] incompatible types: byte cannot be converted to java.lang.Boolean
[ERROR] /C:/Users/tomas/OneDrive/Escritorio/Tomas/psygst/psygst-backend/src/main/java/com/psygst/service/TurnoService.java:[171,23] incompatible types: byte cannot be converted to java.lang.Boolean
[ERROR] /C:/Users/tomas/OneDrive/Escritorio/Tomas/psygst/psygst-backend/src/main/java/com/psygst/service/PagoService.java:[32,23] incompatible types: byte cannot be converted to java.lang.Boolean
[ERROR] /C:/Users/tomas/OneDrive/Escritorio/Tomas/psygst/psygst-backend/src/main/java/com/psygst/service/PagoService.java:[43,31] incompatible types: byte cannot be converted to java.lang.Boolean
[ERROR] /C:/Users/tomas/OneDrive/Escritorio/Tomas/psygst/psygst-backend/src/main/java/com/psygst/service/NotificacionService.java:[112,23] incompatible types: byte cannot be converted to java.lang.Boolean
[ERROR] /C:/Users/tomas/OneDrive/Escritorio/Tomas/psygst/psygst-backend/src/main/java/com/psygst/service/NotificacionService.java:[233,42] incomparable types: java.lang.Boolean and int
[ERROR] /C:/Users/tomas/OneDrive/Escritorio/Tomas/psygst/psygst-backend/src/main/java/com/psygst/service/HistoriaClinicaService.java:[98,23] incompatible types: byte cannot be converted to java.lang.Boolean
[ERROR] /C:/Users/tomas/OneDrive/Escritorio/Tomas/psygst/psygst-backend/src/main/java/com/psygst/service/HistoriaClinicaService.java:[119,22] incompatible types: byte cannot be converted to java.lang.Boolean
[ERROR] /C:/Users/tomas/OneDrive/Escritorio/Tomas/psygst/psygst-backend/src/main/java/com/psygst/service/AuditService.java:[39,27] incompatible types: byte cannot be converted to java.lang.Boolean
[ERROR] /C:/Users/tomas/OneDrive/Escritorio/Tomas/psygst/psygst-backend/src/main/java/com/psygst/service/PacienteService.java:[72,111] incompatible types: byte cannot be converted to java.lang.Boolean
[ERROR] /C:/Users/tomas/OneDrive/Escritorio/Tomas/psygst/psygst-backend/src/main/java/com/psygst/service/PacienteService.java:[86,23] incompatible types: byte cannot be converted to java.lang.Boolean
[ERROR] /C:/Users/tomas/OneDrive/Escritorio/Tomas/psygst/psygst-backend/src/main/java/com/psygst/service/PacienteService.java:[111,111] incompatible types: byte cannot be converted to java.lang.Boolean
[ERROR] /C:/Users/tomas/OneDrive/Escritorio/Tomas/psygst/psygst-backend/src/main/java/com/psygst/service/PacienteService.java:[145,26] incompatible types: byte cannot be converted to java.lang.Boolean
[ERROR] /C:/Users/tomas/OneDrive/Escritorio/Tomas/psygst/psygst-backend/src/main/java/com/psygst/service/AuthService.java:[92,23] incompatible types: byte cannot be converted to java.lang.Boolean
[ERROR] /C:/Users/tomas/OneDrive/Escritorio/Tomas/psygst/psygst-backend/src/main/java/com/psygst/service/AuthService.java:[99,27] incompatible types: byte cannot be converted to java.lang.Boolean
[ERROR] /C:/Users/tomas/OneDrive/Escritorio/Tomas/psygst/psygst-backend/src/main/java/com/psygst/service/AuthService.java:[109,27] incompatible types: byte cannot be converted to java.lang.Boolean
[ERROR] /C:/Users/tomas/OneDrive/Escritorio/Tomas/psygst/psygst-backend/src/main/java/com/psygst/service/ReciboService.java:[78,23] incompatible types: byte cannot be converted to java.lang.Boolean
[ERROR] /C:/Users/tomas/OneDrive/Escritorio/Tomas/psygst/psygst-backend/src/main/java/com/psygst/service/ReciboService.java:[234,24] incompatible types: byte cannot be converted to java.lang.Boolean
[ERROR] /C:/Users/tomas/OneDrive/Escritorio/Tomas/psygst/psygst-backend/src/main/java/com/psygst/service/FacturaService.java:[58,27] incompatible types: byte cannot be converted to java.lang.Boolean
[ERROR] /C:/Users/tomas/OneDrive/Escritorio/Tomas/psygst/psygst-backend/src/main/java/com/psygst/controller/RolController.java:[23,50] incomparable types: java.lang.Boolean and int
[ERROR] /C:/Users/tomas/OneDrive/Escritorio/Tomas/psygst/psygst-backend/src/main/java/com/psygst/config/UserCreatorRunner.java:[42,97] incompatible types: byte cannot be converted to java.lang.Boolean
[ERROR] /C:/Users/tomas/OneDrive/Escritorio/Tomas/psygst/psygst-backend/src/main/java/com/psygst/config/UserCreatorRunner.java:[49,27] incompatible types: byte cannot be converted to java.lang.Boolean
[INFO] 22 errors 
[INFO] -------------------------------------------------------------
[INFO] ------------------------------------------------------------------------
[INFO] BUILD FAILURE
[INFO] ------------------------------------------------------------------------
[INFO] Total time:  12.548 s
[INFO] Finished at: 2026-04-22T23:37:37-03:00
[INFO] ------------------------------------------------------------------------
[ERROR] Failed to execute goal org.apache.maven.plugins:maven-compiler-plugin:3.11.0:compile (default-compile) on project psygst-backend: Compilation failure: Compilation failure: 
[ERROR] /C:/Users/tomas/OneDrive/Escritorio/Tomas/psygst/psygst-backend/src/main/java/com/psygst/service/TurnoService.java:[90,23] incompatible types: byte cannot be converted to java.lang.Boolean
[ERROR] /C:/Users/tomas/OneDrive/Escritorio/Tomas/psygst/psygst-backend/src/main/java/com/psygst/service/TurnoService.java:[171,23] incompatible types: byte cannot be converted to java.lang.Boolean
[ERROR] /C:/Users/tomas/OneDrive/Escritorio/Tomas/psygst/psygst-backend/src/main/java/com/psygst/service/PagoService.java:[32,23] incompatible types: byte cannot be converted to java.lang.Boolean
[ERROR] /C:/Users/tomas/OneDrive/Escritorio/Tomas/psygst/psygst-backend/src/main/java/com/psygst/service/PagoService.java:[43,31] incompatible types: byte cannot be converted to java.lang.Boolean
[ERROR] /C:/Users/tomas/OneDrive/Escritorio/Tomas/psygst/psygst-backend/src/main/java/com/psygst/service/NotificacionService.java:[112,23] incompatible types: byte cannot be converted to java.lang.Boolean
[ERROR] /C:/Users/tomas/OneDrive/Escritorio/Tomas/psygst/psygst-backend/src/main/java/com/psygst/service/NotificacionService.java:[233,42] incomparable types: java.lang.Boolean and int
[ERROR] /C:/Users/tomas/OneDrive/Escritorio/Tomas/psygst/psygst-backend/src/main/java/com/psygst/service/HistoriaClinicaService.java:[98,23] incompatible types: byte cannot be converted to java.lang.Boolean
[ERROR] /C:/Users/tomas/OneDrive/Escritorio/Tomas/psygst/psygst-backend/src/main/java/com/psygst/service/HistoriaClinicaService.java:[119,22] incompatible types: byte cannot be converted to java.lang.Boolean
[ERROR] /C:/Users/tomas/OneDrive/Escritorio/Tomas/psygst/psygst-backend/src/main/java/com/psygst/service/AuditService.java:[39,27] incompatible types: byte cannot be converted to java.lang.Boolean
[ERROR] /C:/Users/tomas/OneDrive/Escritorio/Tomas/psygst/psygst-backend/src/main/java/com/psygst/service/PacienteService.java:[72,111] incompatible types: byte cannot be converted to java.lang.Boolean
[ERROR] /C:/Users/tomas/OneDrive/Escritorio/Tomas/psygst/psygst-backend/src/main/java/com/psygst/service/PacienteService.java:[86,23] incompatible types: byte cannot be converted to java.lang.Boolean
[ERROR] /C:/Users/tomas/OneDrive/Escritorio/Tomas/psygst/psygst-backend/src/main/java/com/psygst/service/PacienteService.java:[111,111] incompatible types: byte cannot be converted to java.lang.Boolean
[ERROR] /C:/Users/tomas/OneDrive/Escritorio/Tomas/psygst/psygst-backend/src/main/java/com/psygst/service/PacienteService.java:[145,26] incompatible types: byte cannot be converted to java.lang.Boolean
[ERROR] /C:/Users/tomas/OneDrive/Escritorio/Tomas/psygst/psygst-backend/src/main/java/com/psygst/service/AuthService.java:[92,23] incompatible types: byte cannot be converted to java.lang.Boolean
[ERROR] /C:/Users/tomas/OneDrive/Escritorio/Tomas/psygst/psygst-backend/src/main/java/com/psygst/service/AuthService.java:[99,27] incompatible types: byte cannot be converted to java.lang.Boolean
[ERROR] /C:/Users/tomas/OneDrive/Escritorio/Tomas/psygst/psygst-backend/src/main/java/com/psygst/service/AuthService.java:[109,27] incompatible types: byte cannot be converted to java.lang.Boolean
[ERROR] /C:/Users/tomas/OneDrive/Escritorio/Tomas/psygst/psygst-backend/src/main/java/com/psygst/service/ReciboService.java:[78,23] incompatible types: byte cannot be converted to java.lang.Boolean
[ERROR] /C:/Users/tomas/OneDrive/Escritorio/Tomas/psygst/psygst-backend/src/main/java/com/psygst/service/ReciboService.java:[234,24] incompatible types: byte cannot be converted to java.lang.Boolean
[ERROR] /C:/Users/tomas/OneDrive/Escritorio/Tomas/psygst/psygst-backend/src/main/java/com/psygst/service/FacturaService.java:[58,27] incompatible types: byte cannot be converted to java.lang.Boolean
[ERROR] /C:/Users/tomas/OneDrive/Escritorio/Tomas/psygst/psygst-backend/src/main/java/com/psygst/controller/RolController.java:[23,50] incomparable types: java.lang.Boolean and int
[ERROR] /C:/Users/tomas/OneDrive/Escritorio/Tomas/psygst/psygst-backend/src/main/java/com/psygst/config/UserCreatorRunner.java:[42,97] incompatible types: byte cannot be converted to java.lang.Boolean
[ERROR] /C:/Users/tomas/OneDrive/Escritorio/Tomas/psygst/psygst-backend/src/main/java/com/psygst/config/UserCreatorRunner.java:[49,27] incompatible types: byte cannot be converted to java.lang.Boolean
[ERROR] -> [Help 1]
[ERROR] 
[ERROR] To see the full stack trace of the errors, re-run Maven with the -e switch.
[ERROR] Re-run Maven using the -X switch to enable full debug logging.
[ERROR] 
[ERROR] For more information about the errors and possible solutions, please read the following articles:
[ERROR] [Help 1] http://cwiki.apache.org/confluence/display/MAVEN/MojoFailureException
